// Jest Snapshot v1, https://goo.gl/fbAQLP

exports[`<LikeButton /> should render the like button properly 1`] = `[Function]`;
