// Jest Snapshot v1, https://goo.gl/fbAQLP

exports[`<Header /> should render the header content correctly 1`] = `[Function]`;
