// Jest Snapshot v1, https://goo.gl/fbAQLP

exports[`<Layout /> should render the main layout content correctly 1`] = `[Function]`;
